#-----------------------------------------------------------
# PlanAhead v13.4 (64-bit)
# Build 157570 by hdbuild on Fri Dec 16 13:06:31 MST 2011
# Start of session at: Mon Jul 18 13:21:52 2016
# Process ID: 5300
# Log file: C:/Users/bowenliu/prng_ise13/planAhead_run_1/planAhead.log
# Journal file: C:/Users/bowenliu/prng_ise13/planAhead_run_1/planAhead.jou
#-----------------------------------------------------------
start_gui
source C:/Users/bowenliu/prng_ise13/pa.fromHdl.tcl
startgroup
set_property IOSTANDARD {} [get_ports [list clk]]
endgroup
startgroup
set_property loc IPAD39 [get_ports clk]
endgroup
set_property loc "" [get_ports [list  reset]]
startgroup
set_property loc IPAD79 [get_ports reset]
endgroup
startgroup
set_property loc IPAD86 [get_ports start]
endgroup
startgroup
set_property loc IPAD101 [get_ports test_byte_TX]
endgroup
startgroup
set_property loc IPAD96 [get_ports test_word_TX]
endgroup
startgroup
set_property loc IPAD126 [get_ports {baud_sel[0]}]
endgroup
startgroup
set_property loc IPAD136 [get_ports {baud_sel[1]}]
endgroup
startgroup
set_property loc IPAD148 [get_ports {baud_sel[2]}]
endgroup
startgroup
set_property loc IPAD106 [get_ports {seed_sel[0]}]
endgroup
startgroup
set_property loc IPAD111 [get_ports {seed_sel[1]}]
endgroup
startgroup
set_property loc PAD201 [get_ports bit_out]
endgroup
startgroup
set_property loc PAD113 [get_ports UA_TX_ready]
endgroup
startgroup
set_property loc PAD112 [get_ports PRNG_busy]
endgroup
startgroup
set_property loc PAD201 [get_ports bit_out]
endgroup
save_design
exit
stop_gui
