PH prng_const NULL C:/Users/bowenliu/Desktop/UvicSummer2016Ceng441-master/PRNG_VHDL/prng_ise13/PRNG_CONST.vhd sub00/vhpl05 1469135614
EN slow_clk NULL C:/Users/bowenliu/Desktop/UvicSummer2016Ceng441-master/PRNG_VHDL/prng_ise13/UA_TX/slow_clk.vhd sub00/vhpl13 1469135622
PH prng_package NULL C:/Users/bowenliu/Desktop/UvicSummer2016Ceng441-master/PRNG_VHDL/prng_ise13/UA_TX/prng_package.vhd sub00/vhpl00 1469135609
EN debouncer_counter NULL C:/Users/bowenliu/Desktop/UvicSummer2016Ceng441-master/PRNG_VHDL/prng_ise13/UA_TX/debouncer_counter.vhd sub00/vhpl03 1469135612
EN byte_tx NULL C:/Users/bowenliu/Desktop/UvicSummer2016Ceng441-master/PRNG_VHDL/prng_ise13/UA_TX/byte_TX.vhd sub00/vhpl09 1469135618
AR word_tx behavioral C:/Users/bowenliu/Desktop/UvicSummer2016Ceng441-master/PRNG_VHDL/prng_ise13/UA_TX/word_TX.vhd sub00/vhpl08 1469135617
EN word_tx NULL C:/Users/bowenliu/Desktop/UvicSummer2016Ceng441-master/PRNG_VHDL/prng_ise13/UA_TX/word_TX.vhd sub00/vhpl07 1469135616
AR byte_tx behavioral C:/Users/bowenliu/Desktop/UvicSummer2016Ceng441-master/PRNG_VHDL/prng_ise13/UA_TX/byte_TX.vhd sub00/vhpl10 1469135619
AR debouncer behavioral C:/Users/bowenliu/Desktop/UvicSummer2016Ceng441-master/PRNG_VHDL/prng_ise13/UA_TX/debouncer.vhd sub00/vhpl16 1469135625
EN divider NULL C:/Users/bowenliu/Desktop/UvicSummer2016Ceng441-master/PRNG_VHDL/prng_ise13/divide_2.vhd sub00/vhpl17 1469135626
AR divider behavioral C:/Users/bowenliu/Desktop/UvicSummer2016Ceng441-master/PRNG_VHDL/prng_ise13/divide_2.vhd sub00/vhpl18 1469135627
AR multiplication_stage behavioral C:/Users/bowenliu/Desktop/UvicSummer2016Ceng441-master/PRNG_VHDL/prng_ise13/multiplication_stage.vhd sub00/vhpl20 1469135629
AR control_fsm behavioral C:/Users/bowenliu/Desktop/UvicSummer2016Ceng441-master/PRNG_VHDL/prng_ise13/control_fsm.vhd sub00/vhpl22 1469135631
AR bit_tx behavioral C:/Users/bowenliu/Desktop/UvicSummer2016Ceng441-master/PRNG_VHDL/prng_ise13/UA_TX/bit_TX.vhd sub00/vhpl12 1469135621
EN multiplication_stage NULL C:/Users/bowenliu/Desktop/UvicSummer2016Ceng441-master/PRNG_VHDL/prng_ise13/multiplication_stage.vhd sub00/vhpl19 1469135628
AR ua_tx behavioral C:/Users/bowenliu/Desktop/UvicSummer2016Ceng441-master/PRNG_VHDL/prng_ise13/UA_TX/UA_TX.vhd sub00/vhpl24 1469135633
AR debouncer_fsm behavioral C:/Users/bowenliu/Desktop/UvicSummer2016Ceng441-master/PRNG_VHDL/prng_ise13/UA_TX/debouncer_fsm.vhd sub00/vhpl02 1469135611
AR slow_clk slow_clk C:/Users/bowenliu/Desktop/UvicSummer2016Ceng441-master/PRNG_VHDL/prng_ise13/UA_TX/slow_clk.vhd sub00/vhpl14 1469135623
PB prng_const prng_const C:/Users/bowenliu/Desktop/UvicSummer2016Ceng441-master/PRNG_VHDL/prng_ise13/PRNG_CONST.vhd sub00/vhpl06 1469135615
EN ua_tx NULL C:/Users/bowenliu/Desktop/UvicSummer2016Ceng441-master/PRNG_VHDL/prng_ise13/UA_TX/UA_TX.vhd sub00/vhpl23 1469135632
EN control_fsm NULL C:/Users/bowenliu/Desktop/UvicSummer2016Ceng441-master/PRNG_VHDL/prng_ise13/control_fsm.vhd sub00/vhpl21 1469135630
AR debouncer_counter rtl C:/Users/bowenliu/Desktop/UvicSummer2016Ceng441-master/PRNG_VHDL/prng_ise13/UA_TX/debouncer_counter.vhd sub00/vhpl04 1469135613
EN debouncer NULL C:/Users/bowenliu/Desktop/UvicSummer2016Ceng441-master/PRNG_VHDL/prng_ise13/UA_TX/debouncer.vhd sub00/vhpl15 1469135624
AR prng_toplevel behavioral C:/Users/bowenliu/Desktop/UvicSummer2016Ceng441-master/PRNG_VHDL/prng_ise13/prng_toplevel.vhd sub00/vhpl26 1469135635
EN bit_tx NULL C:/Users/bowenliu/Desktop/UvicSummer2016Ceng441-master/PRNG_VHDL/prng_ise13/UA_TX/bit_TX.vhd sub00/vhpl11 1469135620
EN prng_toplevel NULL C:/Users/bowenliu/Desktop/UvicSummer2016Ceng441-master/PRNG_VHDL/prng_ise13/prng_toplevel.vhd sub00/vhpl25 1469135634
EN debouncer_fsm NULL C:/Users/bowenliu/Desktop/UvicSummer2016Ceng441-master/PRNG_VHDL/prng_ise13/UA_TX/debouncer_fsm.vhd sub00/vhpl01 1469135610
