V3 52
FL C:/Users/bowenliu/Desktop/UvicSummer2016Ceng441-master/PRNG_VHDL/PRNG/control_fsm.vhd 2016/07/18.13:39:33 O.87xd
EN work/control_fsm 1468875377 \
      FL C:/Users/bowenliu/Desktop/UvicSummer2016Ceng441-master/PRNG_VHDL/PRNG/control_fsm.vhd \
      PB ieee/std_logic_1164 1325952872 PB ieee/NUMERIC_STD 1325952877 \
      PB work/PRNG_CONST 1468875362
AR work/control_fsm/Behavioral 1468875378 \
      FL C:/Users/bowenliu/Desktop/UvicSummer2016Ceng441-master/PRNG_VHDL/PRNG/control_fsm.vhd \
      EN work/control_fsm 1468875377 CP divider CP multiplication_stage
FL C:/Users/bowenliu/Desktop/UvicSummer2016Ceng441-master/PRNG_VHDL/PRNG/divide_2.vhd 2016/07/18.13:07:00 O.87xd
EN work/divider 1468875373 \
      FL C:/Users/bowenliu/Desktop/UvicSummer2016Ceng441-master/PRNG_VHDL/PRNG/divide_2.vhd \
      PB ieee/std_logic_1164 1325952872 PB ieee/NUMERIC_STD 1325952877
AR work/divider/Behavioral 1468875374 \
      FL C:/Users/bowenliu/Desktop/UvicSummer2016Ceng441-master/PRNG_VHDL/PRNG/divide_2.vhd \
      EN work/divider 1468875373
FL C:/Users/bowenliu/Desktop/UvicSummer2016Ceng441-master/PRNG_VHDL/PRNG/multiplication_stage.vhd 2016/07/18.13:07:01 O.87xd
EN work/multiplication_stage 1468875375 \
      FL C:/Users/bowenliu/Desktop/UvicSummer2016Ceng441-master/PRNG_VHDL/PRNG/multiplication_stage.vhd \
      PB ieee/std_logic_1164 1325952872 PB ieee/NUMERIC_STD 1325952877 \
      PB work/PRNG_CONST 1468875362
AR work/multiplication_stage/Behavioral 1468875376 \
      FL C:/Users/bowenliu/Desktop/UvicSummer2016Ceng441-master/PRNG_VHDL/PRNG/multiplication_stage.vhd \
      EN work/multiplication_stage 1468875375
FL C:/Users/bowenliu/Desktop/UvicSummer2016Ceng441-master/PRNG_VHDL/PRNG/PRNG_CONST.vhd 2016/07/18.13:06:58 O.87xd
PH work/PRNG_CONST 1468875361 \
      FL C:/Users/bowenliu/Desktop/UvicSummer2016Ceng441-master/PRNG_VHDL/PRNG/PRNG_CONST.vhd \
      PB ieee/std_logic_1164 1325952872
PB work/PRNG_CONST 1468875362 \
      FL C:/Users/bowenliu/Desktop/UvicSummer2016Ceng441-master/PRNG_VHDL/PRNG/PRNG_CONST.vhd \
      PH work/PRNG_CONST 1468875361
FL C:/Users/bowenliu/Desktop/UvicSummer2016Ceng441-master/PRNG_VHDL/PRNG/prng_toplevel.vhd 2016/07/18.13:42:45 O.87xd
EN work/prng_toplevel 1468875381 \
      FL C:/Users/bowenliu/Desktop/UvicSummer2016Ceng441-master/PRNG_VHDL/PRNG/prng_toplevel.vhd \
      PB ieee/std_logic_1164 1325952872 PB ieee/NUMERIC_STD 1325952877
AR work/prng_toplevel/Behavioral 1468875382 \
      FL C:/Users/bowenliu/Desktop/UvicSummer2016Ceng441-master/PRNG_VHDL/PRNG/prng_toplevel.vhd \
      EN work/prng_toplevel 1468875381 CP control_fsm CP ua_tx
FL C:/Users/bowenliu/Desktop/UvicSummer2016Ceng441-master/PRNG_VHDL/PRNG/UA_TX/bit_TX.vhd 2016/07/18.13:07:01 O.87xd
EN work/bit_Tx 1468875367 \
      FL C:/Users/bowenliu/Desktop/UvicSummer2016Ceng441-master/PRNG_VHDL/PRNG/UA_TX/bit_TX.vhd \
      PB ieee/std_logic_1164 1325952872 PH work/prng_package 1468875356
AR work/bit_Tx/Behavioral 1468875368 \
      FL C:/Users/bowenliu/Desktop/UvicSummer2016Ceng441-master/PRNG_VHDL/PRNG/UA_TX/bit_TX.vhd \
      EN work/bit_Tx 1468875367
FL C:/Users/bowenliu/Desktop/UvicSummer2016Ceng441-master/PRNG_VHDL/PRNG/UA_TX/byte_TX.vhd 2016/07/18.13:07:01 O.87xd
EN work/byte_TX 1468875365 \
      FL C:/Users/bowenliu/Desktop/UvicSummer2016Ceng441-master/PRNG_VHDL/PRNG/UA_TX/byte_TX.vhd \
      PB ieee/std_logic_1164 1325952872 PH work/prng_package 1468875356
AR work/byte_TX/Behavioral 1468875366 \
      FL C:/Users/bowenliu/Desktop/UvicSummer2016Ceng441-master/PRNG_VHDL/PRNG/UA_TX/byte_TX.vhd \
      EN work/byte_TX 1468875365
FL C:/Users/bowenliu/Desktop/UvicSummer2016Ceng441-master/PRNG_VHDL/PRNG/UA_TX/debouncer.vhd 2016/07/18.13:07:01 O.87xd
EN work/debouncer 1468875371 \
      FL C:/Users/bowenliu/Desktop/UvicSummer2016Ceng441-master/PRNG_VHDL/PRNG/UA_TX/debouncer.vhd \
      PB ieee/std_logic_1164 1325952872 PH work/prng_package 1468875356
AR work/debouncer/Behavioral 1468875372 \
      FL C:/Users/bowenliu/Desktop/UvicSummer2016Ceng441-master/PRNG_VHDL/PRNG/UA_TX/debouncer.vhd \
      EN work/debouncer 1468875371 CP debouncer_fsm CP debouncer_counter
FL C:/Users/bowenliu/Desktop/UvicSummer2016Ceng441-master/PRNG_VHDL/PRNG/UA_TX/debouncer_counter.vhd 2016/07/18.13:07:01 O.87xd
EN work/debouncer_counter 1468875359 \
      FL C:/Users/bowenliu/Desktop/UvicSummer2016Ceng441-master/PRNG_VHDL/PRNG/UA_TX/debouncer_counter.vhd \
      PB ieee/std_logic_1164 1325952872 PB ieee/NUMERIC_STD 1325952877 \
      PH work/prng_package 1468875356
AR work/debouncer_counter/rtl 1468875360 \
      FL C:/Users/bowenliu/Desktop/UvicSummer2016Ceng441-master/PRNG_VHDL/PRNG/UA_TX/debouncer_counter.vhd \
      EN work/debouncer_counter 1468875359
FL C:/Users/bowenliu/Desktop/UvicSummer2016Ceng441-master/PRNG_VHDL/PRNG/UA_TX/debouncer_fsm.vhd 2016/07/18.13:07:01 O.87xd
EN work/debouncer_fsm 1468875357 \
      FL C:/Users/bowenliu/Desktop/UvicSummer2016Ceng441-master/PRNG_VHDL/PRNG/UA_TX/debouncer_fsm.vhd \
      PB ieee/std_logic_1164 1325952872 PH work/prng_package 1468875356
AR work/debouncer_fsm/Behavioral 1468875358 \
      FL C:/Users/bowenliu/Desktop/UvicSummer2016Ceng441-master/PRNG_VHDL/PRNG/UA_TX/debouncer_fsm.vhd \
      EN work/debouncer_fsm 1468875357
FL C:/Users/bowenliu/Desktop/UvicSummer2016Ceng441-master/PRNG_VHDL/PRNG/UA_TX/prng_package.vhd 2016/07/18.13:07:01 O.87xd
PH work/prng_package 1468875356 \
      FL C:/Users/bowenliu/Desktop/UvicSummer2016Ceng441-master/PRNG_VHDL/PRNG/UA_TX/prng_package.vhd \
      PB ieee/std_logic_1164 1325952872 PB ieee/NUMERIC_STD 1325952877
FL C:/Users/bowenliu/Desktop/UvicSummer2016Ceng441-master/PRNG_VHDL/PRNG/UA_TX/slow_clk.vhd 2016/07/18.13:07:01 O.87xd
EN work/slow_clk 1468875369 \
      FL C:/Users/bowenliu/Desktop/UvicSummer2016Ceng441-master/PRNG_VHDL/PRNG/UA_TX/slow_clk.vhd \
      PB ieee/std_logic_1164 1325952872
AR work/slow_clk/slow_clk 1468875370 \
      FL C:/Users/bowenliu/Desktop/UvicSummer2016Ceng441-master/PRNG_VHDL/PRNG/UA_TX/slow_clk.vhd \
      EN work/slow_clk 1468875369
FL C:/Users/bowenliu/Desktop/UvicSummer2016Ceng441-master/PRNG_VHDL/PRNG/UA_TX/UA_TX.vhd 2016/07/18.13:07:01 O.87xd
EN work/UA_TX 1468875379 \
      FL C:/Users/bowenliu/Desktop/UvicSummer2016Ceng441-master/PRNG_VHDL/PRNG/UA_TX/UA_TX.vhd \
      PB ieee/std_logic_1164 1325952872 PH work/prng_package 1468875356
AR work/UA_TX/Behavioral 1468875380 \
      FL C:/Users/bowenliu/Desktop/UvicSummer2016Ceng441-master/PRNG_VHDL/PRNG/UA_TX/UA_TX.vhd \
      EN work/UA_TX 1468875379 CP word_TX CP byte_TX CP bit_TX CP slow_clk \
      CP debouncer
FL C:/Users/bowenliu/Desktop/UvicSummer2016Ceng441-master/PRNG_VHDL/PRNG/UA_TX/word_TX.vhd 2016/07/18.13:07:01 O.87xd
EN work/word_TX 1468875363 \
      FL C:/Users/bowenliu/Desktop/UvicSummer2016Ceng441-master/PRNG_VHDL/PRNG/UA_TX/word_TX.vhd \
      PB ieee/std_logic_1164 1325952872 PH work/prng_package 1468875356
AR work/word_TX/Behavioral 1468875364 \
      FL C:/Users/bowenliu/Desktop/UvicSummer2016Ceng441-master/PRNG_VHDL/PRNG/UA_TX/word_TX.vhd \
      EN work/word_TX 1468875363
