V3 52
FL C:/Users/bowenliu/Desktop/UvicSummer2016Ceng441-master/PRNG_VHDL/prng_ise13/control_fsm.vhd 2016/07/21.12:39:28 O.87xd
EN work/control_fsm 1469135630 \
      FL C:/Users/bowenliu/Desktop/UvicSummer2016Ceng441-master/PRNG_VHDL/prng_ise13/control_fsm.vhd \
      PB ieee/std_logic_1164 1325952872 PB ieee/NUMERIC_STD 1325952877 \
      PB work/PRNG_CONST 1469135615
AR work/control_fsm/Behavioral 1469135631 \
      FL C:/Users/bowenliu/Desktop/UvicSummer2016Ceng441-master/PRNG_VHDL/prng_ise13/control_fsm.vhd \
      EN work/control_fsm 1469135630 CP divider CP multiplication_stage
FL C:/Users/bowenliu/Desktop/UvicSummer2016Ceng441-master/PRNG_VHDL/prng_ise13/divide_2.vhd 2016/07/21.12:39:28 O.87xd
EN work/divider 1469135626 \
      FL C:/Users/bowenliu/Desktop/UvicSummer2016Ceng441-master/PRNG_VHDL/prng_ise13/divide_2.vhd \
      PB ieee/std_logic_1164 1325952872 PB ieee/NUMERIC_STD 1325952877
AR work/divider/Behavioral 1469135627 \
      FL C:/Users/bowenliu/Desktop/UvicSummer2016Ceng441-master/PRNG_VHDL/prng_ise13/divide_2.vhd \
      EN work/divider 1469135626
FL C:/Users/bowenliu/Desktop/UvicSummer2016Ceng441-master/PRNG_VHDL/prng_ise13/multiplication_stage.vhd 2016/07/21.12:39:28 O.87xd
EN work/multiplication_stage 1469135628 \
      FL C:/Users/bowenliu/Desktop/UvicSummer2016Ceng441-master/PRNG_VHDL/prng_ise13/multiplication_stage.vhd \
      PB ieee/std_logic_1164 1325952872 PB ieee/NUMERIC_STD 1325952877 \
      PB work/PRNG_CONST 1469135615
AR work/multiplication_stage/Behavioral 1469135629 \
      FL C:/Users/bowenliu/Desktop/UvicSummer2016Ceng441-master/PRNG_VHDL/prng_ise13/multiplication_stage.vhd \
      EN work/multiplication_stage 1469135628
FL C:/Users/bowenliu/Desktop/UvicSummer2016Ceng441-master/PRNG_VHDL/prng_ise13/PRNG_CONST.vhd 2016/07/21.12:39:28 O.87xd
PH work/PRNG_CONST 1469135614 \
      FL C:/Users/bowenliu/Desktop/UvicSummer2016Ceng441-master/PRNG_VHDL/prng_ise13/PRNG_CONST.vhd \
      PB ieee/std_logic_1164 1325952872
PB work/PRNG_CONST 1469135615 \
      FL C:/Users/bowenliu/Desktop/UvicSummer2016Ceng441-master/PRNG_VHDL/prng_ise13/PRNG_CONST.vhd \
      PH work/PRNG_CONST 1469135614
FL C:/Users/bowenliu/Desktop/UvicSummer2016Ceng441-master/PRNG_VHDL/prng_ise13/prng_toplevel.vhd 2016/07/21.14:13:22 O.87xd
EN work/prng_toplevel 1469135634 \
      FL C:/Users/bowenliu/Desktop/UvicSummer2016Ceng441-master/PRNG_VHDL/prng_ise13/prng_toplevel.vhd \
      PB ieee/std_logic_1164 1325952872 PB ieee/NUMERIC_STD 1325952877
AR work/prng_toplevel/Behavioral 1469135635 \
      FL C:/Users/bowenliu/Desktop/UvicSummer2016Ceng441-master/PRNG_VHDL/prng_ise13/prng_toplevel.vhd \
      EN work/prng_toplevel 1469135634 CP control_fsm CP ua_tx
FL C:/Users/bowenliu/Desktop/UvicSummer2016Ceng441-master/PRNG_VHDL/prng_ise13/UA_TX/bit_TX.vhd 2016/07/21.12:39:35 O.87xd
EN work/bit_Tx 1469135620 \
      FL C:/Users/bowenliu/Desktop/UvicSummer2016Ceng441-master/PRNG_VHDL/prng_ise13/UA_TX/bit_TX.vhd \
      PB ieee/std_logic_1164 1325952872 PH work/prng_package 1469135609
AR work/bit_Tx/Behavioral 1469135621 \
      FL C:/Users/bowenliu/Desktop/UvicSummer2016Ceng441-master/PRNG_VHDL/prng_ise13/UA_TX/bit_TX.vhd \
      EN work/bit_Tx 1469135620
FL C:/Users/bowenliu/Desktop/UvicSummer2016Ceng441-master/PRNG_VHDL/prng_ise13/UA_TX/byte_TX.vhd 2016/07/21.12:39:35 O.87xd
EN work/byte_TX 1469135618 \
      FL C:/Users/bowenliu/Desktop/UvicSummer2016Ceng441-master/PRNG_VHDL/prng_ise13/UA_TX/byte_TX.vhd \
      PB ieee/std_logic_1164 1325952872 PH work/prng_package 1469135609
AR work/byte_TX/Behavioral 1469135619 \
      FL C:/Users/bowenliu/Desktop/UvicSummer2016Ceng441-master/PRNG_VHDL/prng_ise13/UA_TX/byte_TX.vhd \
      EN work/byte_TX 1469135618
FL C:/Users/bowenliu/Desktop/UvicSummer2016Ceng441-master/PRNG_VHDL/prng_ise13/UA_TX/debouncer.vhd 2016/07/21.12:39:35 O.87xd
EN work/debouncer 1469135624 \
      FL C:/Users/bowenliu/Desktop/UvicSummer2016Ceng441-master/PRNG_VHDL/prng_ise13/UA_TX/debouncer.vhd \
      PB ieee/std_logic_1164 1325952872 PH work/prng_package 1469135609
AR work/debouncer/Behavioral 1469135625 \
      FL C:/Users/bowenliu/Desktop/UvicSummer2016Ceng441-master/PRNG_VHDL/prng_ise13/UA_TX/debouncer.vhd \
      EN work/debouncer 1469135624 CP debouncer_fsm CP debouncer_counter
FL C:/Users/bowenliu/Desktop/UvicSummer2016Ceng441-master/PRNG_VHDL/prng_ise13/UA_TX/debouncer_counter.vhd 2016/07/21.12:39:35 O.87xd
EN work/debouncer_counter 1469135612 \
      FL C:/Users/bowenliu/Desktop/UvicSummer2016Ceng441-master/PRNG_VHDL/prng_ise13/UA_TX/debouncer_counter.vhd \
      PB ieee/std_logic_1164 1325952872 PB ieee/NUMERIC_STD 1325952877 \
      PH work/prng_package 1469135609
AR work/debouncer_counter/rtl 1469135613 \
      FL C:/Users/bowenliu/Desktop/UvicSummer2016Ceng441-master/PRNG_VHDL/prng_ise13/UA_TX/debouncer_counter.vhd \
      EN work/debouncer_counter 1469135612
FL C:/Users/bowenliu/Desktop/UvicSummer2016Ceng441-master/PRNG_VHDL/prng_ise13/UA_TX/debouncer_fsm.vhd 2016/07/21.12:39:35 O.87xd
EN work/debouncer_fsm 1469135610 \
      FL C:/Users/bowenliu/Desktop/UvicSummer2016Ceng441-master/PRNG_VHDL/prng_ise13/UA_TX/debouncer_fsm.vhd \
      PB ieee/std_logic_1164 1325952872 PH work/prng_package 1469135609
AR work/debouncer_fsm/Behavioral 1469135611 \
      FL C:/Users/bowenliu/Desktop/UvicSummer2016Ceng441-master/PRNG_VHDL/prng_ise13/UA_TX/debouncer_fsm.vhd \
      EN work/debouncer_fsm 1469135610
FL C:/Users/bowenliu/Desktop/UvicSummer2016Ceng441-master/PRNG_VHDL/prng_ise13/UA_TX/prng_package.vhd 2016/07/21.12:39:35 O.87xd
PH work/prng_package 1469135609 \
      FL C:/Users/bowenliu/Desktop/UvicSummer2016Ceng441-master/PRNG_VHDL/prng_ise13/UA_TX/prng_package.vhd \
      PB ieee/std_logic_1164 1325952872 PB ieee/NUMERIC_STD 1325952877
FL C:/Users/bowenliu/Desktop/UvicSummer2016Ceng441-master/PRNG_VHDL/prng_ise13/UA_TX/slow_clk.vhd 2016/07/21.12:39:35 O.87xd
EN work/slow_clk 1469135622 \
      FL C:/Users/bowenliu/Desktop/UvicSummer2016Ceng441-master/PRNG_VHDL/prng_ise13/UA_TX/slow_clk.vhd \
      PB ieee/std_logic_1164 1325952872
AR work/slow_clk/slow_clk 1469135623 \
      FL C:/Users/bowenliu/Desktop/UvicSummer2016Ceng441-master/PRNG_VHDL/prng_ise13/UA_TX/slow_clk.vhd \
      EN work/slow_clk 1469135622
FL C:/Users/bowenliu/Desktop/UvicSummer2016Ceng441-master/PRNG_VHDL/prng_ise13/UA_TX/UA_TX.vhd 2016/07/21.12:39:35 O.87xd
EN work/UA_TX 1469135632 \
      FL C:/Users/bowenliu/Desktop/UvicSummer2016Ceng441-master/PRNG_VHDL/prng_ise13/UA_TX/UA_TX.vhd \
      PB ieee/std_logic_1164 1325952872 PH work/prng_package 1469135609
AR work/UA_TX/Behavioral 1469135633 \
      FL C:/Users/bowenliu/Desktop/UvicSummer2016Ceng441-master/PRNG_VHDL/prng_ise13/UA_TX/UA_TX.vhd \
      EN work/UA_TX 1469135632 CP word_TX CP byte_TX CP bit_TX CP slow_clk \
      CP debouncer
FL C:/Users/bowenliu/Desktop/UvicSummer2016Ceng441-master/PRNG_VHDL/prng_ise13/UA_TX/word_TX.vhd 2016/07/21.12:39:35 O.87xd
EN work/word_TX 1469135616 \
      FL C:/Users/bowenliu/Desktop/UvicSummer2016Ceng441-master/PRNG_VHDL/prng_ise13/UA_TX/word_TX.vhd \
      PB ieee/std_logic_1164 1325952872 PH work/prng_package 1469135609
AR work/word_TX/Behavioral 1469135617 \
      FL C:/Users/bowenliu/Desktop/UvicSummer2016Ceng441-master/PRNG_VHDL/prng_ise13/UA_TX/word_TX.vhd \
      EN work/word_TX 1469135616
