AR divider_test behavioral C:/Users/OWner/Documents/ceng441/UvicSummer2016Ceng441/PRNG_VHDL/PRNG/divide_2.vhd sub00/vhpl03 1465955630
EN divider NULL C:/Users/OWner/Documents/ceng441/UvicSummer2016Ceng441/PRNG_VHDL/PRNG/divider.vhd sub00/vhpl00 1464150590
AR divider behavioral C:/Users/OWner/Documents/ceng441/UvicSummer2016Ceng441/PRNG_VHDL/PRNG/divider.vhd sub00/vhpl01 1464150591
EN divider_test NULL C:/Users/OWner/Documents/ceng441/UvicSummer2016Ceng441/PRNG_VHDL/PRNG/divide_2.vhd sub00/vhpl02 1465955629
