V3 6
FL C:/Users/OWner/Documents/ceng441/UvicSummer2016Ceng441/PRNG_VHDL/PRNG/divider.vhd 2016/05/24.11:31:43 P.20131013
EN work/divider 1464150590 \
      FL C:/Users/OWner/Documents/ceng441/UvicSummer2016Ceng441/PRNG_VHDL/PRNG/divider.vhd \
      PB ieee/std_logic_1164 1381692176 PB ieee/NUMERIC_STD 1381692181
AR work/divider/Behavioral 1464150591 \
      FL C:/Users/OWner/Documents/ceng441/UvicSummer2016Ceng441/PRNG_VHDL/PRNG/divider.vhd \
      EN work/divider 1464150590
FL C:/Users/OWner/Documents/ceng441/UvicSummer2016Ceng441/PRNG_VHDL/PRNG/divide_2.vhd 2016/06/14.18:53:45 P.20131013
EN work/divider_test 1465955629 \
      FL C:/Users/OWner/Documents/ceng441/UvicSummer2016Ceng441/PRNG_VHDL/PRNG/divide_2.vhd \
      PB ieee/std_logic_1164 1381692176 PB ieee/NUMERIC_STD 1381692181
AR work/divider_test/Behavioral 1465955630 \
      FL C:/Users/OWner/Documents/ceng441/UvicSummer2016Ceng441/PRNG_VHDL/PRNG/divide_2.vhd \
      EN work/divider_test 1465955629
