Release 14.7 - xst P.20131013 (nt64)
Copyright (c) 1995-2013 Xilinx, Inc.  All rights reserved.
--> Parameter TMPDIR set to xst/projnav.tmp


Total REAL time to Xst completion: 1.00 secs
Total CPU time to Xst completion: 0.15 secs
 
--> Parameter xsthdpdir set to xst


Total REAL time to Xst completion: 1.00 secs
Total CPU time to Xst completion: 0.15 secs
 
--> Reading design: divider.prj

TABLE OF CONTENTS
  1) Synthesis Options Summary
  2) HDL Compilation
  3) Design Hierarchy Analysis
  4) HDL Analysis
  5) HDL Synthesis
     5.1) HDL Synthesis Report
  6) Advanced HDL Synthesis
     6.1) Advanced HDL Synthesis Report
  7) Low Level Synthesis
  8) Partition Report
  9) Final Report
	9.1) Device utilization summary
	9.2) Partition Resource Summary
	9.3) TIMING REPORT


=========================================================================
*                      Synthesis Options Summary                        *
=========================================================================
---- Source Parameters
Input File Name                    : "divider.prj"
Input Format                       : mixed
Ignore Synthesis Constraint File   : NO

---- Target Parameters
Output File Name                   : "divider"
Output Format                      : NGC
Target Device                      : xc3s1200e-5-fg320

---- Source Options
Top Module Name                    : divider
Automatic FSM Extraction           : YES
FSM Encoding Algorithm             : Auto
Safe Implementation                : No
FSM Style                          : LUT
RAM Extraction                     : Yes
RAM Style                          : Auto
ROM Extraction                     : Yes
Mux Style                          : Auto
Decoder Extraction                 : YES
Priority Encoder Extraction        : Yes
Shift Register Extraction          : YES
Logical Shifter Extraction         : YES
XOR Collapsing                     : YES
ROM Style                          : Auto
Mux Extraction                     : Yes
Resource Sharing                   : YES
Asynchronous To Synchronous        : NO
Multiplier Style                   : Auto
Automatic Register Balancing       : No

---- Target Options
Add IO Buffers                     : YES
Global Maximum Fanout              : 100000
Add Generic Clock Buffer(BUFG)     : 24
Register Duplication               : YES
Slice Packing                      : YES
Optimize Instantiated Primitives   : NO
Use Clock Enable                   : Yes
Use Synchronous Set                : Yes
Use Synchronous Reset              : Yes
Pack IO Registers into IOBs        : Auto
Equivalent register Removal        : YES

---- General Options
Optimization Goal                  : Speed
Optimization Effort                : 1
Keep Hierarchy                     : No
Netlist Hierarchy                  : As_Optimized
RTL Output                         : Yes
Global Optimization                : AllClockNets
Read Cores                         : YES
Write Timing Constraints           : NO
Cross Clock Analysis               : NO
Hierarchy Separator                : /
Bus Delimiter                      : <>
Case Specifier                     : Maintain
Slice Utilization Ratio            : 100
BRAM Utilization Ratio             : 100
Verilog 2001                       : YES
Auto BRAM Packing                  : NO
Slice Utilization Ratio Delta      : 5

=========================================================================


=========================================================================
*                          HDL Compilation                              *
=========================================================================
Compiling vhdl file "C:/Users/OWner/Documents/ceng441/UvicSummer2016Ceng441/PRNG_VHDL/PRNG/divider.vhd" in Library work.
Entity <divider> compiled.
Entity <divider> (Architecture <behavioral>) compiled.

=========================================================================
*                     Design Hierarchy Analysis                         *
=========================================================================
Analyzing hierarchy for entity <divider> in library <work> (architecture <behavioral>).


=========================================================================
*                            HDL Analysis                               *
=========================================================================
Analyzing Entity <divider> in library <work> (Architecture <behavioral>).
WARNING:Xst:1610 - "C:/Users/OWner/Documents/ceng441/UvicSummer2016Ceng441/PRNG_VHDL/PRNG/divider.vhd" line 177: Width mismatch. <temp1> has a width of 32 bits but assigned expression is 64-bit wide.
WARNING:Xst:1610 - "C:/Users/OWner/Documents/ceng441/UvicSummer2016Ceng441/PRNG_VHDL/PRNG/divider.vhd" line 178: Width mismatch. <temp2> has a width of 32 bits but assigned expression is 64-bit wide.
Entity <divider> analyzed. Unit <divider> generated.


=========================================================================
*                           HDL Synthesis                               *
=========================================================================

Performing bidirectional port resolution...

Synthesizing Unit <divider>.
    Related source file is "C:/Users/OWner/Documents/ceng441/UvicSummer2016Ceng441/PRNG_VHDL/PRNG/divider.vhd".
WARNING:Xst:1306 - Output <output_ready> is never assigned.
WARNING:Xst:647 - Input <rst> is never used. This port will be preserved and left unconnected if it belongs to a top-level block or it belongs to a sub-block and the hierarchy of this sub-block is preserved.
WARNING:Xst:643 - "C:/Users/OWner/Documents/ceng441/UvicSummer2016Ceng441/PRNG_VHDL/PRNG/divider.vhd" line 177: The result of a 32x2-bit multiplication is partially used. Only the 32 least significant bits are used. If you are doing this on purpose, you may safely ignore this warning. Otherwise, make sure you are not losing information, leading to unexpected circuit behavior.
    Found 32-bit register for signal <R>.
    Found 32-bit register for signal <Q>.
    Found 32-bit register for signal <delta>.
    Found 6-bit subtractor for signal <delta_temp_9$sub0000> created at line 137.
    Found 1-bit register for signal <divider_busy>.
    Found 2-bit register for signal <mu_phase1>.
    Found 32-bit comparator greatequal for signal <mu_phase1$cmp_ge0000> created at line 111.
    Found 2-bit register for signal <mu_phase2>.
    Found 32-bit comparator greatequal for signal <mu_phase2$cmp_ge0000> created at line 123.
    Found 1-bit register for signal <operands_valid>.
    Found 5-bit register for signal <px>.
    Found 5-bit register for signal <py>.
    Found 32-bit comparator greater for signal <py$cmp_gt0000> created at line 87.
    Found 32-bit comparator less for signal <py$cmp_lt0000> created at line 83.
    Found 32-bit down counter for signal <X_buffer>.
    Found 32-bit register for signal <Y_buffer>.
    Found 32-bit subtractor for signal <Y_buffer$addsub0000>.
    Found 5-bit comparator greater for signal <Y_buffer$cmp_gt0000> created at line 160.
    Found 5-bit comparator lessequal for signal <Y_buffer$cmp_le0000> created at line 160.
    Found 32-bit comparator less for signal <Y_buffer$cmp_lt0000> created at line 176.
    Found 32x2-bit multiplier for signal <Y_buffer$mult0000> created at line 177.
    Found 32-bit register for signal <Z>.
    Summary:
	inferred   1 Counter(s).
	inferred 176 D-type flip-flop(s).
	inferred   2 Adder/Subtractor(s).
	inferred   1 Multiplier(s).
	inferred   7 Comparator(s).
Unit <divider> synthesized.

INFO:Xst:1767 - HDL ADVISOR - Resource sharing has identified that some arithmetic operations in this design can share the same physical resources for reduced device utilization. For improved clock frequency you may try to disable resource sharing.

=========================================================================
HDL Synthesis Report

Macro Statistics
# Multipliers                                          : 1
 32x2-bit multiplier                                   : 1
# Adders/Subtractors                                   : 2
 32-bit subtractor                                     : 1
 6-bit subtractor                                      : 1
# Counters                                             : 1
 32-bit down counter                                   : 1
# Registers                                            : 11
 1-bit register                                        : 2
 2-bit register                                        : 2
 32-bit register                                       : 5
 5-bit register                                        : 2
